// Jest Snapshot v1, https://goo.gl/fbAQLP

exports[`Input renders 1`] = `
.c0 {
  -webkit-appearance: none;
  -moz-appearance: none;
  appearance: none;
  display: block;
  vertical-align: middle;
  max-width: 32rem;
  min-height: 36px;
  line-height: inherit;
  font-family: inherit;
  background-color: transparent;
  border-radius: 4px;
  border-width: 1px;
  border-style: solid;
  border-color: #dde1e4;
  -webkit-transition: 0.125s ease-out box-shadow;
  transition: 0.125s ease-out box-shadow;
  font-size: 16px;
  margin: 0px;
  padding-left: 8px;
  padding-right: 8px;
  padding-top: 4px;
  padding-bottom: 4px;
  width: 100%;
  color: inherit;
  background-color: transparent;
}

.c0::-ms-clear {
  display: none;
}

.c0::-ms-clear {
  display: none;
}

.c0::-ms-clear {
  display: none;
}

.c0::-ms-clear {
  display: none;
}

.c0:focus {
  outline: none;
  border-color: #2d9ee4;
  box-shadow: 0 0 0 2px #add9f5;
}

.c0[type='select'] {
  background: #fff url("data:image/svg+xml;charset=utf8,%3Csvg xmlns='http://www.w3.org/2000/svg' viewBox='0 0 4 5'%3E%3Cpath fill='%23606e77' d='M2 0L0 2h4zm0 5L0 3h4z'/%3E%3C/svg%3E") no-repeat right .75rem center;
  background-size: .5rem;
}

<input
  className="c0"
  id="renders"
/>
`;

exports[`Input renders with custom fontSize 1`] = `
.c0 {
  -webkit-appearance: none;
  -moz-appearance: none;
  appearance: none;
  display: block;
  vertical-align: middle;
  max-width: 32rem;
  min-height: 36px;
  line-height: inherit;
  font-family: inherit;
  background-color: transparent;
  border-radius: 4px;
  border-width: 1px;
  border-style: solid;
  border-color: #dde1e4;
  -webkit-transition: 0.125s ease-out box-shadow;
  transition: 0.125s ease-out box-shadow;
  font-size: 24px;
  margin: 0px;
  padding-left: 8px;
  padding-right: 8px;
  padding-top: 4px;
  padding-bottom: 4px;
  width: 100%;
  color: inherit;
  background-color: transparent;
}

.c0::-ms-clear {
  display: none;
}

.c0::-ms-clear {
  display: none;
}

.c0::-ms-clear {
  display: none;
}

.c0::-ms-clear {
  display: none;
}

.c0:focus {
  outline: none;
  border-color: #2d9ee4;
  box-shadow: 0 0 0 2px #add9f5;
}

.c0[type='select'] {
  background: #fff url("data:image/svg+xml;charset=utf8,%3Csvg xmlns='http://www.w3.org/2000/svg' viewBox='0 0 4 5'%3E%3Cpath fill='%23606e77' d='M2 0L0 2h4zm0 5L0 3h4z'/%3E%3C/svg%3E") no-repeat right .75rem center;
  background-size: .5rem;
}

<input
  className="c0"
  id="fontSize"
/>
`;

exports[`Input renders with custom spacing 1`] = `
.c0 {
  -webkit-appearance: none;
  -moz-appearance: none;
  appearance: none;
  display: block;
  vertical-align: middle;
  max-width: 32rem;
  min-height: 36px;
  line-height: inherit;
  font-family: inherit;
  background-color: transparent;
  border-radius: 4px;
  border-width: 1px;
  border-style: solid;
  border-color: #dde1e4;
  -webkit-transition: 0.125s ease-out box-shadow;
  transition: 0.125s ease-out box-shadow;
  font-size: 16px;
  margin: 32px;
  padding: 32px;
  padding-left: 8px;
  padding-right: 8px;
  padding-top: 4px;
  padding-bottom: 4px;
  width: 100%;
  color: inherit;
  background-color: transparent;
}

.c0::-ms-clear {
  display: none;
}

.c0::-ms-clear {
  display: none;
}

.c0::-ms-clear {
  display: none;
}

.c0::-ms-clear {
  display: none;
}

.c0:focus {
  outline: none;
  border-color: #2d9ee4;
  box-shadow: 0 0 0 2px #add9f5;
}

.c0[type='select'] {
  background: #fff url("data:image/svg+xml;charset=utf8,%3Csvg xmlns='http://www.w3.org/2000/svg' viewBox='0 0 4 5'%3E%3Cpath fill='%23606e77' d='M2 0L0 2h4zm0 5L0 3h4z'/%3E%3C/svg%3E") no-repeat right .75rem center;
  background-size: .5rem;
}

<input
  className="c0"
  id="space"
/>
`;
