// Jest Snapshot v1, https://goo.gl/fbAQLP

exports[`Section renders 1`] = `
.c2 {
  padding-left: 16px;
  padding-right: 16px;
  padding-top: 32px;
  padding-bottom: 32px;
  color: #ffffff;
  text-align: center;
}

.c1 {
  display: -webkit-box;
  display: -webkit-flex;
  display: -ms-flexbox;
  display: flex;
  -webkit-align-items: center;
  -webkit-box-align: center;
  -ms-flex-align: center;
  align-items: center;
  -webkit-box-pack: center;
  -webkit-justify-content: center;
  -ms-flex-pack: center;
  justify-content: center;
  -webkit-flex-direction: column;
  -ms-flex-direction: column;
  flex-direction: column;
}

.c0 {
  text-align: center;
}

@media screen and (min-width:32em) {
  .c2 {
    padding-top: 64px;
    padding-bottom: 64px;
  }
}

<div
  className="c0 c1 c2"
/>
`;
